Master
dev2